[medlatec.vn/dich-vu/xet-nghiem-lay-mau-tai-nhafa71.html]
[backblue.gif]
[fade.gif]
[index.html]
[medlatec.vn/Content/images/banner/laymautainha.jpg]
[medlatec.vn/Content/images/AtHome/images/athome/Bannermb.png]
[medlatec.vn/dich-vu/xet-nghiem-lay-mau-tai-nha.html]
[medlatec.vn/Content/images/AtHome/lib/bootstrap/css/bootstrap.min.css]
[medlatec.vn/Content/images/AtHome/lib/owlcarousel/assets/owl.carousel.min.css]
[medlatec.vn/Content/images/AtHome/css/styles_athome.css]
[medlatec.vn/Content/images/AtHome/css/responsive_athome.css]
[medlatec.vn/Content/js/lazysizes.min.js]
[ajax.googleapis.com/ajax/libs/jquery/3.4.1/jquery.min.js]
[medlatec.vn/Content/images/AtHome/lib/owlcarousel/owl.carousel.min.js]
[medlatec.vn/Content/images/AtHome/js/default.js]
[cdnjs.cloudflare.com/ajax/libs/bootstrap-datepicker/1.8.0/js/bootstrap-datepicker.min.js]
[cdnjs.cloudflare.com/ajax/libs/bootstrap-datepicker/1.8.0/css/bootstrap-datepicker.standalone.min.css]
[medlatec.vn/Content/images/logochuan-01.png]
[medlatec.vn/Content/images/logochuan-32.png]
[medlatec.vn/Content/images/logochuan-16.png]
[medlatec.vn/Content/images/AtHome/images/icon/logochuan-01.png]
[medlatec.vn/Content/images/AtHome/images/icon/icon-bvsk1.png]
[medlatec.vn/Content/images/AtHome/images/icon/icon-ttl1.png]
[medlatec.vn/Content/images/AtHome/images/icon/icon-cpxnhl1.png]
[medlatec.vn/Content/images/AtHome/images/icon/icon-nc1.png]
[medlatec.vn/Content/images/AtHome/images/icon/xntn-why-1.png]
[medlatec.vn/Content/images/AtHome/images/icon/xntn-why-2.png]
[medlatec.vn/Content/images/AtHome/images/icon/xntn-why-3.png]
[medlatec.vn/Content/images/AtHome/images/icon/xntn-why-4.png]
[medlatec.vn/Content/images/AtHome/images/icon/xntn-why-5.png]
[medlatec.vn/Content/images/AtHome/images/icon/xntn-why-6.png]
[medlatec.vn/Content/images/AtHome/images/icon/xntn-why-7.png]
[medlatec.vn/Content/images/AtHome/images/icon/xntn-why-8.png]
[medlatec.vn/Content/images/AtHome/images/icon/xntn-why-9.png]
[medlatec.vn/Content/images/AtHome/images/athome/Asset 1@2x.png]
[medlatec.vn/Content/images/AtHome/images/athome/Asset 5@2x.png]
[medlatec.vn/Content/images/AtHome/images/athome/Asset 8@2x.png]
[medlatec.vn/Content/images/AtHome/images/athome/Asset 2@2x.png]
[medlatec.vn/Content/images/AtHome/images/athome/Asset 3@2x.png]
[medlatec.vn/Content/images/AtHome/images/athome/Asset 9@2x.png]
[medlatec.vn/Content/images/AtHome/images/athome/Asset 7@2x.png]
[medlatec.vn/Content/images/AtHome/images/athome/Asset 4@2x.png]
[medlatec.vn/Content/images/AtHome/images/athome/7.png]
[medlatec.vn/Content/images/AtHome/images/icon/facebook.png]
[medlatec.vn/Content/images/AtHome/images/icon/youtube.png]
[medlatec.vn/Content/images/AtHome/images/icon/linkin.png]
[medlatec.vn/Content/images/AtHome/images/icon/zalo.png]
[medlatec.vn/Content/images/AtHome/images/banner/bo-cong-thuong.png]
[medlatec.vn/Content/images/AtHome/images/icon/phone.png]
[medlatec.vn/Content/images/AtHome/images/icon/mail.png]
[medlatec.vn/Content/images/AtHome/images/icon/maker.png]
[medlatec.vn/dich-vu/kham-suc-khoe-doanh-nghiep.html]
[medlatec.vn/dich-vu/bao-hiem-y-te.html]
[medlatec.vn/Content/images/icon/call.png]
[medlatec.vn/dich-vu/xet-nghiem-lay-mau-tai-nhafa71.html]
[medlatec.vn/dich-vu/xet-nghiem-lay-mau-tai-nha.html]
[medlatec.vn/Content/images/AtHome/lib/bootstrap/css/bootstrap.min.css]
[medlatec.vn/Content/images/AtHome/lib/owlcarousel/assets/owl.video.play.png]
[medlatec.vn/Content/images/AtHome/lib/owlcarousel/assets/owl.carousel.min.css]
[medlatec.vn/Content/images/AtHome/images/icon/news-calendar.png]
[medlatec.vn/Content/images/AtHome/images/athome/sec2.png]
[medlatec.vn/Content/images/AtHome/images/athome/cus.png]
[medlatec.vn/Content/images/AtHome/images/athome/ser1.png]
[medlatec.vn/Content/images/AtHome/images/athome/ser2.png]
[medlatec.vn/Content/images/AtHome/images/athome/ser3.png]
[medlatec.vn/Content/images/AtHome/images/athome/ser4.png]
[medlatec.vn/Content/images/AtHome/images/athome/ser5.png]
[medlatec.vn/Content/images/AtHome/images/athome/ser6.png]
[medlatec.vn/Content/images/AtHome/css/styles_athome.css]
[medlatec.vn/Content/images/AtHome/images/athome/mbx.png]
[medlatec.vn/Content/images/AtHome/images/athome/ser1mb.png]
[medlatec.vn/Content/images/AtHome/images/athome/ser2mb.png]
[medlatec.vn/Content/images/AtHome/images/athome/ser3mb.png]
[medlatec.vn/Content/images/AtHome/images/athome/ser4mb.png]
[medlatec.vn/Content/images/AtHome/images/athome/ser5mb.png]
[medlatec.vn/Content/images/AtHome/images/athome/ser6mb.png]
[medlatec.vn/Content/images/AtHome/images/athome/Banner.png]
[medlatec.vn/Content/images/AtHome/css/responsive_athome.css]
[cdnjs.cloudflare.com/ajax/libs/bootstrap-datepicker/1.8.0/css/bootstrap-datepicker.standalone.min.css]
[www.googletagmanager.com/gtm5445.html]
[medlatec.vn/Content/images/LandingKhamskdinhky/images/skdn/bndesk.png]
[medlatec.vn/dich-vu/kham-suc-khoe-dinh-ky-doanh-nghiep.html]
[medlatec.vn/Content/images/LandingKhamskdinhky/lib/bootstrap/css/bootstrap.min.css]
[code.jquery.com/jquery-1.12.4.min.js]
[medlatec.vn/Content/images/LandingKhamskdinhky/lib/owlcarousel/assets/owl.carousel.min.css]
[medlatec.vn/Content/images/LandingKhamskdinhky/css/styles.css]
[medlatec.vn/Content/images/LandingKhamskdinhky/css/responsive.css]
[cdnjs.cloudflare.com/ajax/libs/font-awesome/4.7.0/css/font-awesome.min.css]
[medlatec.vn/Content/images/LandingKhamskdinhky/lib/bootstrap/js/bootstrap.min.js]
[medlatec.vn/Content/images/LandingKhamskdinhky/lib/owlcarousel/owl.carousel.min.js]
[medlatec.vn/Content/images/LandingKhamskdinhky/js/default.js]
[cdn.jsdelivr.net/npm/slick-carousel@1.8.1/slick/slick.css]
[cdn.jsdelivr.net/npm/slick-carousel@1.8.1/slick/slick.min.js]
[medlatec.vn/Content/images/LandingKhamskdinhky/images/icon/logochuan-01.png]
[medlatec.vn/Content/images/LandingKhamskdinhky/images/skdn/bn-mb.png]
[medlatec.vn/Content/images/LandingKhamskdinhky/images/skdn/company.png]
[medlatec.vn/Content/images/LandingKhamskdinhky/images/skdn/s1.png]
[medlatec.vn/Content/images/LandingKhamskdinhky/images/skdn/s2.png]
[medlatec.vn/Content/images/LandingKhamskdinhky/images/skdn/s3.png]
[medlatec.vn/Content/images/LandingKhamskdinhky/images/skdn/s4.png]
[medlatec.vn/Content/images/LandingKhamskdinhky/images/skdn/s5.png]
[medlatec.vn/Content/images/LandingKhamskdinhky/images/skdn/s6.png]
[medlatec.vn/Content/images/LandingKhamskdinhky/images/skdn/s21.png]
[medlatec.vn/Content/images/LandingKhamskdinhky/images/skdn/s22.png]
[medlatec.vn/Content/images/LandingKhamskdinhky/images/skdn/s23.png]
[medlatec.vn/Content/images/LandingKhamskdinhky/images/skdn/s24.png]
[medlatec.vn/Content/images/LandingKhamskdinhky/images/skdn/s25.png]
[medlatec.vn/Content/images/LandingKhamskdinhky/images/skdn/s26.png]
[medlatec.vn/Content/images/LandingKhamskdinhky/images/skdn/sec3.png]
[medlatec.vn/Content/images/LandingKhamskdinhky/images/skdn/sec31.png]
[medlatec.vn/Content/images/LandingKhamskdinhky/images/skdn/sec41.png]
[medlatec.vn/Content/images/LandingKhamskdinhky/images/skdn/sec42.png]
[medlatec.vn/Content/images/LandingKhamskdinhky/images/skdn/sec43.png]
[medlatec.vn/Content/images/LandingKhamskdinhky/images/skdn/sec44.png]
[medlatec.vn/Content/images/LandingKhamskdinhky/images/skdn/sec45.png]
[medlatec.vn/Content/images/LandingKhamskdinhky/images/skdn/sec46.png]
[medlatec.vn/Content/images/LandingKhamskdinhky/images/skdn/sec47.png]
[medlatec.vn/Content/images/LandingKhamskdinhky/images/skdn/sec48.png]
[medlatec.vn/Content/images/LandingKhamskdinhky/images/skdn/sec51.png]
[medlatec.vn/Content/images/LandingKhamskdinhky/images/skdn/sec52.png]
[medlatec.vn/Content/images/LandingKhamskdinhky/images/skdn/sec53.png]
[medlatec.vn/Content/images/LandingKhamskdinhky/images/skdn/sec54.png]
[medlatec.vn/Content/images/LandingKhamskdinhky/images/skdn/sec55.png]
[medlatec.vn/Content/images/LandingKhamskdinhky/images/skdn/sec56.png]
[medlatec.vn/Content/images/LandingKhamskdinhky/images/skdn/sec7vip.png]
[medlatec.vn/Content/images/LandingKhamskdinhky/images/skdn/sec71.png]
[medlatec.vn/Content/images/LandingKhamskdinhky/images/skdn/sec7.png]
[medlatec.vn/Content/images/LandingKhamskdinhky/images/skdn/se82.png]
[medlatec.vn/Content/images/LandingKhamskdinhky/images/skdn/se83.png]
[medlatec.vn/Content/images/LandingKhamskdinhky/images/skdn/se84.png]
[medlatec.vn/Content/images/LandingKhamskdinhky/images/skdn/se85.png]
[medlatec.vn/Content/images/LandingKhamskdinhky/images/skdn/se86.png]
[medlatec.vn/Content/images/LandingKhamskdinhky/images/skdn/se87.png]
[medlatec.vn/Content/images/LandingKhamskdinhky/images/skdn/se81.png]
[medlatec.vn/Content/images/LandingKhamskdinhky/images/skdn/sec91.png]
[medlatec.vn/Content/images/LandingKhamskdinhky/images/skdn/sec92.png]
[medlatec.vn/Content/images/LandingKhamskdinhky/images/skdn/sec93.png]
[medlatec.vn/Content/images/LandingKhamskdinhky/images/icon/fb.png]
[medlatec.vn/Content/images/LandingKhamskdinhky/images/icon/yt.png]
[medlatec.vn/Content/images/LandingKhamskdinhky/images/icon/lk.png]
[medlatec.vn/Content/images/LandingKhamskdinhky/images/icon/tw.png]
[medlatec.vn/Content/images/LandingKhamskdinhky/images/icon/bct.jpg]
[medlatec.vn/Content/images/LandingKhamskdinhky/images/icon/phone.png]
[medlatec.vn/Content/images/LandingKhamskdinhky/images/icon/mail.png]
[medlatec.vn/Content/images/LandingKhamskdinhky/images/icon/maker.png]
[medlatec.vn/Content/images/niptNew/images/icon/call.png]
[medlatec.vn/dich-vu/kham-suc-khoe-doanh-nghiep.html]
[medlatec.vn/Content/lib/bootstrap/css/bootstrap.min.css]
[medlatec.vn/Content/lib/owlcarousel/assets/owl.carousel.min.css]
[medlatec.vn/Content/css/stylesd1fd.css]
[medlatec.vn/Content/lib/owlcarousel/owl.carousel.min.js]
[medlatec.vn/Content/js/default.js]
[medlatec.vn/Content/images/logo.jpg]
[medlatec.vn/Content/images/logo.png]
[medlatec.vn/Content/images/hotline.png]
[medlatec.vn/Content/images/vn.png]
[medlatec.vn/Content/images/bar.png]
[medlatec.vn/Content/images/search.png]
[medlatec.vn/Content/images/home.png]
[medlatec.vn/dich-vu/bao-lanh-vien-phi.html]
[medlatec.vn/dich-vu/trung-tam-chan-doan-hinh-anh-medim-medlatec.html]
[medlatec.vn/Content/images/banner/baohiemyte.png]
[medlatec.vn/Content/images/khamngoaitru.png]
[medlatec.vn/Content/images/khamnoitru.png]
[login.medlatec.vn/ImagePath/imageslead/20220427/20220427_BaolanhvienphiPKDKTayHo-Web-01.jpg]
[login.medlatec.vn/ImagePath/imageslead/20200707/20200707_kham-bao-hiem-y-te-trai-tuyen-1.jpg]
[login.medlatec.vn/ImagePath/imageslead/20200526/20200526_kham-bao-hiem-y-te-.jpg]
[login.medlatec.vn/ImagePath/imageslead/20200523/20200523_kham-bao-hiem-y-te-ngay-thu-7-1.jpg]
[medlatec.vn/Content/images/register-time.png]
[medlatec.vn/Content/images/register-dollar.png]
[medlatec.vn/Content/images/register-system.png]
[medlatec.vn/Content/images/register-care.png]
[medlatec.vn/Content/images/facebook.png]
[medlatec.vn/Content/images/youtube.png]
[medlatec.vn/Content/images/linkin.png]
[medlatec.vn/Content/images/zalo.png]
[medlatec.vn/Content/images/banner/bo-cong-thuong.png]
[medlatec.vn/Content/images/phone.png]
[medlatec.vn/Content/images/mail.png]
[medlatec.vn/Content/images/maker.png]
[connect.facebook.net/en_US/sdk.js]
[translate.google.com/translate_a/elementa0d8.js]
[medlatec.vn/dich-vu/bao-hiem-y-te.html]
[medlatec.vn/Content/images/AtHome/images/bg-logo.html]
[medlatec.vn/Content/images/AtHome/images/drop-down.html]
[medlatec.vn/Content/images/AtHome/images/calendar.html]
[medlatec.vn/Content/images/AtHome/images/searchs.html]
[medlatec.vn/Content/images/AtHome/images/currency.html]
[medlatec.vn/Content/images/AtHome/images/faq.html]
[medlatec.vn/Content/images/AtHome/images/calendar-hover.html]
[medlatec.vn/Content/images/AtHome/images/searchs-hover.html]
[medlatec.vn/Content/images/AtHome/images/currency-hover.html]
[medlatec.vn/Content/images/AtHome/images/faq-hover.html]
[medlatec.vn/Content/images/AtHome/images/play.html]
[medlatec.vn/Content/images/AtHome/images/arrow-left.html]
[medlatec.vn/Content/images/AtHome/images/arrow-right.html]
[medlatec.vn/Content/images/AtHome/images/title-bg.html]
[medlatec.vn/Content/images/AtHome/images/arrow-left-gray.html]
[medlatec.vn/Content/images/AtHome/images/bg-faq.html]
[medlatec.vn/Content/images/AtHome/images/icon-faq.html]
[medlatec.vn/Content/images/AtHome/images/icon-faq-hover.html]
[medlatec.vn/Content/images/AtHome/images/arrow-down-blue.html]
[medlatec.vn/Content/images/AtHome/images/arrow-down-blue-hover.html]
[medlatec.vn/Content/images/AtHome/images/dot.html]
[medlatec.vn/Content/images/AtHome/images/drop-down-gray.html]
[medlatec.vn/Content/images/AtHome/images/calendar-gray.html]
[medlatec.vn/Content/images/AtHome/images/arrow-white.html]
[medlatec.vn/Content/images/AtHome/images/arrow-right-menu.html]
[medlatec.vn/Content/images/AtHome/images/views.html]
[medlatec.vn/Content/images/AtHome/images/breadcrumb.html]
[medlatec.vn/Content/images/AtHome/images/calendar-faq.html]
[medlatec.vn/Content/images/AtHome/images/faq-quest-desktop.html]
[medlatec.vn/Content/images/AtHome/images/check.html]
[medlatec.vn/Content/images/AtHome/images/arrow-reply.html]
[medlatec.vn/Content/images/AtHome/images/reply.html]
[medlatec.vn/Content/images/AtHome/images/share.html]
[medlatec.vn/Content/images/AtHome/images/share-facebook.html]
[medlatec.vn/Content/images/AtHome/images/share-youtube.html]
[medlatec.vn/Content/images/AtHome/images/share-linkedin.html]
[medlatec.vn/Content/images/AtHome/images/share-twitter.html]
[medlatec.vn/Content/images/AtHome/images/arrow-guide.html]
[medlatec.vn/Content/images/AtHome/images/places.html]
[medlatec.vn/Content/images/AtHome/images/return-download.html]
[medlatec.vn/Content/images/AtHome/images/post-editor.html]
[medlatec.vn/Content/images/AtHome/images/arrow-right-gray.html]
[medlatec.vn/Content/images/AtHome/images/comment-icon.html]
[medlatec.vn/Content/images/AtHome/images/comment-reply.html]
[medlatec.vn/Content/images/AtHome/images/ttcn.html]
[medlatec.vn/Content/images/AtHome/images/lsk.html]
[medlatec.vn/Content/images/AtHome/images/qdtkh.html]
[medlatec.vn/Content/images/AtHome/images/lsgd.html]
[medlatec.vn/Content/images/AtHome/images/ctudkh.html]
[medlatec.vn/Content/images/AtHome/images/gydv.html]
[medlatec.vn/Content/images/AtHome/images/dxtk.html]
[medlatec.vn/Content/images/AtHome/images/customer-sex.html]
[medlatec.vn/Content/images/AtHome/images/customer-sex-checked.html]
[medlatec.vn/Content/images/AtHome/images/plus.html]
[medlatec.vn/Content/images/AtHome/images/minus.html]
[medlatec.vn/Content/images/AtHome/images/arrow-left-white.html]
[medlatec.vn/Content/images/AtHome/images/arrow-right-white.html]
[medlatec.vn/Content/images/AtHome/images/plus-circle.html]
[medlatec.vn/Content/images/AtHome/images/tai-ve.html]
[medlatec.vn/Content/images/AtHome/images/recruitment-tt.html]
[medlatec.vn/Content/images/AtHome/images/recruitment-mtcv.html]
[medlatec.vn/Content/images/AtHome/images/recruitment-yc.html]
[medlatec.vn/Content/images/AtHome/images/recruitment-ql.html]
[medlatec.vn/Content/images/AtHome/images/recruitment-hsbg.html]
[medlatec.vn/Content/images/AtHome/images/recruitment-ctnhs.html]
[medlatec.vn/Content/images/AtHome/images/plus-bg.html]
[medlatec.vn/Content/images/AtHome/images/map-dropdown-right.html]
[medlatec.vn/Content/images/AtHome/images/map-dropdown-left.html]
[medlatec.vn/Content/images/AtHome/images/map-dropdown-down.html]
[medlatec.vn/Content/images/AtHome/images/phone-blue.html]
[medlatec.vn/Content/images/AtHome/images/map-address.html]
[medlatec.vn/Content/images/AtHome/images/map-web.html]
[medlatec.vn/Content/images/AtHome/images/map-face.html]
[medlatec.vn/Content/images/AtHome/images/plus-large.html]
[medlatec.vn/Content/images/AtHome/images/bg-image-doctor.html]
[medlatec.vn/Content/images/AtHome/images/worker-gray.html]
[medlatec.vn/Content/images/AtHome/images/enterprise-gray.html]
[medlatec.vn/Content/images/AtHome/images/arrow-box.html]
[medlatec.vn/Content/images/AtHome/images/arrow-white-active.html]
[medlatec.vn/Content/images/AtHome/images/feedback-bg.html]
[medlatec.vn/Content/images/AtHome/images/arrrow-down.html]
[medlatec.vn/Content/images/AtHome/images/arrrow-up.html]
[medlatec.vn/Content/images/AtHome/images/arrow-right-black.html]
[medlatec.vn/Content/images/AtHome/images/arrow-down-black.html]
[medlatec.vn/Content/images/AtHome/images/human.html]
[medlatec.vn/Content/images/AtHome/images/phone-gray.html]
[medlatec.vn/Content/images/AtHome/images/close-envelope.html]
[medlatec.vn/Content/images/AtHome/images/sex.html]
[medlatec.vn/Content/images/AtHome/images/human-black.html]
[medlatec.vn/Content/images/AtHome/images/phone-black.html]
[medlatec.vn/Content/images/AtHome/images/mail-black.html]
[medlatec.vn/Content/images/AtHome/images/faq-quest-mobile.html]
[medlatec.vn/Content/images/AtHome/images/code.html]
[medlatec.vn/Content/images/AtHome/images/bar-code.html]
[medlatec.vn/Content/images/AtHome/images/ksk/footer.html]
[medlatec.vn/dich-vu/kham-suc-khoe-dinh-ky-doanh-nghiep.html]
[medlatec.vn/Content/images/LandingKhamskdinhky/lib/bootstrap/css/bootstrap.min.css]
[medlatec.vn/Content/images/LandingKhamskdinhky/lib/owlcarousel/assets/owl.video.play.png]
[medlatec.vn/Content/images/LandingKhamskdinhky/lib/owlcarousel/assets/owl.carousel.min.css]
[medlatec.vn/Content/images/LandingKhamskdinhky/images/skdn/footer.png]
[medlatec.vn/Content/images/LandingKhamskdinhky/images/skdn/bg_s1.png]
[medlatec.vn/Content/images/LandingKhamskdinhky/images/skdn/bg_s2.png]
[medlatec.vn/Content/images/LandingKhamskdinhky/images/skdn/bg_gk.png]
[medlatec.vn/Content/images/LandingKhamskdinhky/css/styles.css]
[medlatec.vn/Content/images/LandingKhamskdinhky/images/skdn/Sec03-BG.png]
[medlatec.vn/Content/images/LandingKhamskdinhky/images/skdn/ft_mb.jpg]
[medlatec.vn/Content/images/LandingKhamskdinhky/images/skdn/Sec05-BGmb.png]
[medlatec.vn/Content/images/LandingKhamskdinhky/css/responsive.css]
[cdnjs.cloudflare.com/ajax/libs/font-awesome/4.7.0/css/font-awesome.min.css]
[cdn.jsdelivr.net/npm/slick-carousel@1.8.1/slick/slick.css]
[medlatec.vn/dich-vu/medlatec.html]
[medlatec.vn/Content/lib/bootstrap/css/bootstrap.min.css]
[medlatec.vn/Content/lib/owlcarousel/assets/owl.video.play.png]
[medlatec.vn/Content/lib/owlcarousel/assets/owl.carousel.min.css]
[medlatec.vn/Content/images/bg-logo.jpg]
[medlatec.vn/Content/images/drop-down.png]
[medlatec.vn/Content/images/calendar.png]
[medlatec.vn/Content/images/searchs.png]
[medlatec.vn/Content/images/currency.png]
[medlatec.vn/Content/images/faq.png]
[medlatec.vn/Content/images/calendar-hover.png]
[medlatec.vn/Content/images/searchs-hover.png]
[medlatec.vn/Content/images/currency-hover.png]
[medlatec.vn/Content/images/faq-hover.png]
[medlatec.vn/Content/images/news-calendar.png]
[medlatec.vn/Content/images/play.png]
[medlatec.vn/Content/images/arrow-left.png]
[medlatec.vn/Content/images/arrow-right.png]
[medlatec.vn/Content/images/title-bg.png]
[medlatec.vn/Content/images/arrow-left-gray.png]
[medlatec.vn/Content/images/bg-faq.png]
[medlatec.vn/Content/images/icon-faq.png]
[medlatec.vn/Content/images/icon-faq-hover.png]
[medlatec.vn/Content/images/arrow-down-blue.png]
[medlatec.vn/Content/images/arrow-down-blue-hover.png]
[medlatec.vn/Content/images/dot.png]
[medlatec.vn/Content/images/drop-down-gray.png]
[medlatec.vn/Content/images/calendar-gray.png]
[medlatec.vn/Content/images/arrow-white.png]
[medlatec.vn/Content/images/arrow-right-menu.png]
[medlatec.vn/Content/images/views.png]
[medlatec.vn/Content/images/breadcrumb.png]
[medlatec.vn/Content/images/calendar-faq.png]
[medlatec.vn/Content/images/faq-quest-desktop.png]
[medlatec.vn/Content/images/check.png]
[medlatec.vn/Content/images/arrow-reply.png]
[medlatec.vn/Content/images/reply.png]
[medlatec.vn/Content/images/share.png]
[medlatec.vn/Content/images/share-facebook.png]
[medlatec.vn/Content/images/share-youtube.png]
[medlatec.vn/Content/images/share-linkedin.png]
[medlatec.vn/Content/images/share-twitter.png]
[medlatec.vn/Content/images/arrow-guide.png]
[medlatec.vn/Content/images/places.png]
[medlatec.vn/Content/images/return-download.png]
[medlatec.vn/Content/images/post-editor.png]
[medlatec.vn/Content/images/arrow-right-gray.png]
[medlatec.vn/Content/images/comment-icon.png]
[medlatec.vn/Content/images/comment-reply.png]
[medlatec.vn/Content/images/ttcn.png]
[medlatec.vn/Content/images/lsk.png]
[medlatec.vn/Content/images/qdtkh.png]
[medlatec.vn/Content/images/lsgd.png]
[medlatec.vn/Content/images/ctudkh.png]
[medlatec.vn/Content/images/gydv.png]
[medlatec.vn/Content/images/dxtk.png]
[medlatec.vn/Content/images/customer-sex.png]
[medlatec.vn/Content/images/customer-sex-checked.png]
[medlatec.vn/Content/images/plus.png]
[medlatec.vn/Content/images/minus.png]
[medlatec.vn/Content/images/arrow-left-white.png]
[medlatec.vn/Content/images/arrow-right-white.png]
[medlatec.vn/Content/images/plus-circle.png]
[medlatec.vn/Content/images/tai-ve.png]
[medlatec.vn/Content/images/recruitment-tt.png]
[medlatec.vn/Content/images/recruitment-mtcv.png]
[medlatec.vn/Content/images/recruitment-yc.png]
[medlatec.vn/Content/images/recruitment-ql.png]
[medlatec.vn/Content/images/recruitment-hsbg.png]
[medlatec.vn/Content/images/recruitment-ctnhs.png]
[medlatec.vn/Content/images/plus-bg.png]
[medlatec.vn/Content/images/map-dropdown-right.png]
[medlatec.vn/Content/images/map-dropdown-left.png]
[medlatec.vn/Content/images/map-dropdown-down.png]
[medlatec.vn/Content/images/phone-blue.png]
[medlatec.vn/Content/images/map-address.png]
[medlatec.vn/Content/images/map-web.png]
[medlatec.vn/Content/images/map-face.png]
[medlatec.vn/Content/images/plus-large.png]
[medlatec.vn/Content/images/bg-image-doctor.png]
[medlatec.vn/Content/images/logo-hide.png]
[medlatec.vn/Content/images/worker-gray.png]
[medlatec.vn/Content/images/enterprise-gray.png]
[medlatec.vn/Content/images/arrow-box.png]
[medlatec.vn/Content/images/arrow-white-active.png]
[medlatec.vn/Content/images/feedback-bg.png]
[medlatec.vn/Content/images/arrrow-down.png]
[medlatec.vn/Content/images/arrrow-up.png]
[medlatec.vn/Content/images/arrow-right-black.png]
[medlatec.vn/Content/images/arrow-down-black.png]
[medlatec.vn/Content/images/human.png]
[medlatec.vn/Content/images/phone-gray.png]
[medlatec.vn/Content/images/close-envelope.png]
[medlatec.vn/Content/images/sex.png]
[medlatec.vn/Content/images/human-black.png]
[medlatec.vn/Content/images/phone-black.png]
[medlatec.vn/Content/images/mail-black.png]
[medlatec.vn/Content/images/faq-quest-mobile.png]
[medlatec.vn/Content/images/code.png]
[medlatec.vn/Content/images/bar-code.png]
[medlatec.vn/Content/css/stylesd1fd.css]
[medlatec.vn/Content/images/ajax-loader.gif]
[medlatec.vn/Content/images/banner/baolanhvienphi.jpg]
[medlatec.vn/Content/images/banner/bao-hiem-1.png]
[medlatec.vn/Content/images/ctybh/baoviet.png]
[medlatec.vn/Content/images/ctybh/2_PVI.jpg]
[medlatec.vn/Content/images/ctybh/baominh.jpg]
[medlatec.vn/Content/images/ctybh/4_PTI.png]
[medlatec.vn/Content/images/ctybh/bic.jpg]
[medlatec.vn/Content/images/ctybh/6_insmart.png]
[medlatec.vn/Content/images/ctybh/viettin.jpg]
[medlatec.vn/Content/images/ctybh/uic.jpg]
[medlatec.vn/Content/images/ctybh/pjico.jpg]
[medlatec.vn/Content/images/ctybh/liberty.jpg]
[medlatec.vn/Content/images/ctybh/blue_cross.jpg]
[medlatec.vn/Content/images/ctybh/pacific.png]
[medlatec.vn/Content/images/ctybh/daichi.png]
[medlatec.vn/Content/images/ctybh/aia.png]
[medlatec.vn/Content/images/ctybh/mic.jpg]
[medlatec.vn/Content/images/ctybh/nama.jpg]
[medlatec.vn/Content/images/ctybh/athena.png]
[medlatec.vn/Content/images/ctybh/ftc.gif]
[medlatec.vn/Content/images/ctybh/fwd.png]
[medlatec.vn/Content/images/ctybh/marine.png]
[medlatec.vn/Content/images/ctybh/phuhung.jpg]
[medlatec.vn/Content/images/ctybh/atacc.png]
[medlatec.vn/Content/images/ctybh/prudential.png]
[medlatec.vn/Content/images/ctybh/manulife.jpg]
[medlatec.vn/Content/images/ctybh/msig.jpg]
[medlatec.vn/Content/images/ctybh/tokio.jpg]
[medlatec.vn/Content/images/ctybh/prevoir.jpg]
[medlatec.vn/Content/images/ctybh/xuanthanh.jpg]
[medlatec.vn/Content/images/ctybh/generali.jpg]
[medlatec.vn/Content/images/ctybh/hanwha.jpg]
[medlatec.vn/Content/images/ctybh/malaysia.jpg]
[medlatec.vn/Content/images/ctybh/healthcare.gif]
[medlatec.vn/Content/images/ctybh/gras.png]
[medlatec.vn/Content/images/ctybh/baoankhang.jpg]
[medlatec.vn/Content/images/ctybh/baolong.png]
[medlatec.vn/Content/images/ctybh/ginet.png]
[medlatec.vn/Content/images/ctybh/inslink.png]
[medlatec.vn/Content/images/ctybh/papaya.png]
[medlatec.vn/Content/images/ctybh/vni.png]
[medlatec.vn/Content/images/ctybh/sunlift.png]
[medlatec.vn/Content/images/ctybh/bsh.png]
[medlatec.vn/Content/images/ctybh/sokxay.jpg]
[login.medlatec.vn/ImagePath/imageslead/20220516/20220516_Bộ-ảnh-đăng-fb-[Recovered].jpg]
[login.medlatec.vn/ImagePath/imageslead/20220512/20220512_quyen-loi-bao-lanh-vien-phi-tai-medlatec.jpg]
[login.medlatec.vn/ImagePath/imageslead/20220512/20220512_danh-sach-bao-lanh-vien-phi-ap-dung-tai-medlatec.jpg]
[login.medlatec.vn/ImagePath/imageslead/20220512/20220512_quy-trinh-bao-lanh-vien-phi-khi-kham-chua-benh-tai-medlatec.jpg]
[medlatec.vn/Content/images/register-health.png]
[medlatec.vn/Content/images/register-guarantee.png]
[medlatec.vn/Content/images/register-file.png]
[medlatec.vn/dich-vu/bao-lanh-vien-phi.html]
[medlatec.vn/Content/images/medimNew/images/banner/banner.png]
[medlatec.vn/Content/images/medimNew/lib/bootstrap/css/bootstrap.min.css]
[medlatec.vn/Content/images/medimNew/lib/owlcarousel/assets/owl.carousel.min.css]
[medlatec.vn/Content/images/medimNew/css/styles.css]
[medlatec.vn/Content/images/medimNew/css/responsive.css]
[medlatec.vn/Content/images/medimNew/lib/bootstrap/js/bootstrap.min.js]
[medlatec.vn/Content/images/medimNew/lib/owlcarousel/owl.carousel.min.js]
[medlatec.vn/Content/images/medimNew/js/default.js]
[medlatec.vn/Content/images/medimNew/images/icon/logo.png]
[medlatec.vn/Content/images/medimNew/images/banner/banner_mb.jpg]
[medlatec.vn/Content/images/medimNew/images/sec 1/s1-(1).png]
[medlatec.vn/Content/images/medimNew/images/sec 1/s1-(3).png]
[medlatec.vn/Content/images/medimNew/images/sec 1/s1-(2).png]
[medlatec.vn/Content/images/medimNew/images/sec2/cg-1.png]
[medlatec.vn/Content/images/medimNew/images/sec2/cg-2.png]
[medlatec.vn/Content/images/medimNew/images/sec2/cg-3.png]
[medlatec.vn/Content/images/medimNew/images/sec2/cg-13a.png]
[medlatec.vn/Content/images/medimNew/images/sec2/cg-13b.png]
[medlatec.vn/Content/images/medimNew/images/sec2/cg-10.png]
[medlatec.vn/Content/images/medimNew/images/sec2/cg-4.png]
[medlatec.vn/Content/images/medimNew/images/sec2/cg-5.png]
[medlatec.vn/Content/images/medimNew/images/sec2/cg-15.png]
[medlatec.vn/Content/images/medimNew/images/sec2/cg-6.png]
[medlatec.vn/Content/images/medimNew/images/sec2/cg-7.png]
[medlatec.vn/Content/images/medimNew/images/sec2/cg-8.png]
[medlatec.vn/Content/images/medimNew/images/sec2/cg-9.png]
[medlatec.vn/Content/images/medimNew/images/sec2/cg-11.png]
[medlatec.vn/Content/images/medimNew/images/sec2/cg-12.png]
[medlatec.vn/Content/images/medimNew/images/sec2/cg-14.png]
[medlatec.vn/Content/images/medimNew/images/sec3/m2.png]
[medlatec.vn/Content/images/medimNew/images/sec3/m1.png]
[medlatec.vn/Content/images/medimNew/images/sec3/m3.png]
[medlatec.vn/Content/images/medimNew/images/sec3/m4.png]
[medlatec.vn/Content/images/medimNew/images/sec3/m5.png]
[medlatec.vn/Content/images/medimNew/images/sec3/m6.png]
[medlatec.vn/Content/images/medimNew/images/sec3/m7.png]
[medlatec.vn/Content/images/medimNew/images/sec3/m8.png]
[medlatec.vn/Content/images/medimNew/images/sec4/s4 (1).png]
[medlatec.vn/Content/images/medimNew/images/sec4/s4 (2).png]
[medlatec.vn/Content/images/medimNew/images/sec4/s4 (3).png]
[medlatec.vn/Content/images/medimNew/images/sec4/s4 (4).png]
[medlatec.vn/Content/images/medimNew/images/sec4/sec-4.png]
[medlatec.vn/Content/images/medimNew/images/sec4/sec-41.png]
[medlatec.vn/Content/images/medimNew/images/sec4/s41 (1).png]
[medlatec.vn/Content/images/medimNew/images/sec4/s41 (2).png]
[medlatec.vn/Content/images/medimNew/images/sec4/s41 (3).png]
[medlatec.vn/Content/images/medimNew/images/sec4/s41 (4).png]
[medlatec.vn/Content/images/medimNew/images/sec4/dieu-tri-giam-dau.jpg]
[medlatec.vn/Content/images/medimNew/images/sec4/sinh thiet vu-63.png]
[medlatec.vn/Content/images/medimNew/images/sec4/s43 (1).png]
[medlatec.vn/Content/images/medimNew/images/sec4/s43 (2).png]
[medlatec.vn/Content/images/medimNew/images/sec4/s43 (3).png]
[medlatec.vn/Content/images/medimNew/images/sec4/s43 (4).png]
[medlatec.vn/Content/images/medimNew/images/sec4/s43 (5).png]
[medlatec.vn/Content/images/medimNew/images/sec4/s43 (6).png]
[medlatec.vn/Content/images/medimNew/images/sec5/s5 (1).png]
[medlatec.vn/Content/images/medimNew/images/sec5/s5 (2).png]
[medlatec.vn/Content/images/medimNew/images/sec5/s5 (3).png]
[medlatec.vn/Content/images/medimNew/images/sec5/s5 (4).png]
[medlatec.vn/Content/images/medimNew/images/sec5/s5 (5).png]
[medlatec.vn/Content/images/medimNew/images/sec6/kh-06.png]
[medlatec.vn/Content/images/medimNew/images/sec6/ic62.png]
[medlatec.vn/Content/images/medimNew/images/sec6/kh-01.png]
[medlatec.vn/Content/images/medimNew/images/sec6/kh-02.png]
[medlatec.vn/Content/images/medimNew/images/sec6/kh-03.png]
[medlatec.vn/Content/images/medimNew/images/sec6/kh-04.png]
[medlatec.vn/Content/images/medimNew/images/sec6/kh-05.png]
[medlatec.vn/Content/images/medimNew/images/sec8/s8.png]
[medlatec.vn/Content/images/medimNew/images/icon/fb.png]
[medlatec.vn/Content/images/medimNew/images/icon/yt.png]
[medlatec.vn/Content/images/medimNew/images/icon/lk.png]
[medlatec.vn/Content/images/medimNew/images/icon/tw.png]
[medlatec.vn/Content/images/medimNew/images/icon/bct.png]
[medlatec.vn/Content/images/medimNew/images/icon/phone.png]
[medlatec.vn/Content/images/medimNew/images/icon/mail.png]
[medlatec.vn/Content/images/medimNew/images/icon/maker.png]
[medlatec.vn/dich-vu/trung-tam-chan-doan-hinh-anh-medim-medlatec.html]
[connect.facebook.net/en_US/sdk.js]
[medlatec.vn/Content/images/LandingKhamskdinhky/images/bg-logo.html]
[medlatec.vn/Content/images/LandingKhamskdinhky/images/drop-down.html]
[medlatec.vn/Content/images/LandingKhamskdinhky/images/calendar.html]
[medlatec.vn/Content/images/LandingKhamskdinhky/images/searchs.html]
[medlatec.vn/Content/images/LandingKhamskdinhky/images/currency.html]
[medlatec.vn/Content/images/LandingKhamskdinhky/images/faq.html]
[medlatec.vn/Content/images/LandingKhamskdinhky/images/calendar-hover.html]
[medlatec.vn/Content/images/LandingKhamskdinhky/images/searchs-hover.html]
[medlatec.vn/Content/images/LandingKhamskdinhky/images/currency-hover.html]
[medlatec.vn/Content/images/LandingKhamskdinhky/images/faq-hover.html]
[medlatec.vn/Content/images/LandingKhamskdinhky/images/news-calendar.html]
[medlatec.vn/Content/images/LandingKhamskdinhky/images/play.html]
[medlatec.vn/Content/images/LandingKhamskdinhky/images/arrow-left.html]
[medlatec.vn/Content/images/LandingKhamskdinhky/images/arrow-right.html]
[medlatec.vn/Content/images/LandingKhamskdinhky/images/title-bg.html]
[medlatec.vn/Content/images/LandingKhamskdinhky/images/arrow-left-gray.html]
[medlatec.vn/Content/images/LandingKhamskdinhky/images/bg-faq.html]
[medlatec.vn/Content/images/LandingKhamskdinhky/images/icon-faq.html]
[medlatec.vn/Content/images/LandingKhamskdinhky/images/icon-faq-hover.html]
[medlatec.vn/Content/images/LandingKhamskdinhky/images/arrow-down-blue.html]
[medlatec.vn/Content/images/LandingKhamskdinhky/images/arrow-down-blue-hover.html]
[medlatec.vn/Content/images/LandingKhamskdinhky/images/dot.html]
[medlatec.vn/Content/images/LandingKhamskdinhky/images/drop-down-gray.html]
[medlatec.vn/Content/images/LandingKhamskdinhky/images/calendar-gray.html]
[medlatec.vn/Content/images/LandingKhamskdinhky/images/arrow-white.html]
[medlatec.vn/Content/images/LandingKhamskdinhky/images/arrow-right-menu.html]
[medlatec.vn/Content/images/LandingKhamskdinhky/images/views.html]
[medlatec.vn/Content/images/LandingKhamskdinhky/images/breadcrumb.html]
[medlatec.vn/Content/images/LandingKhamskdinhky/images/calendar-faq.html]
[medlatec.vn/Content/images/LandingKhamskdinhky/images/faq-quest-desktop.html]
[medlatec.vn/Content/images/LandingKhamskdinhky/images/check.html]
[medlatec.vn/Content/images/LandingKhamskdinhky/images/arrow-reply.html]
[medlatec.vn/Content/images/LandingKhamskdinhky/images/reply.html]
[medlatec.vn/Content/images/LandingKhamskdinhky/images/share.html]
[medlatec.vn/Content/images/LandingKhamskdinhky/images/share-facebook.html]
[medlatec.vn/Content/images/LandingKhamskdinhky/images/share-youtube.html]
[medlatec.vn/Content/images/LandingKhamskdinhky/images/share-linkedin.html]
[medlatec.vn/Content/images/LandingKhamskdinhky/images/share-twitter.html]
[medlatec.vn/Content/images/LandingKhamskdinhky/images/arrow-guide.html]
[medlatec.vn/Content/images/LandingKhamskdinhky/images/places.html]
[medlatec.vn/Content/images/LandingKhamskdinhky/images/return-download.html]
[medlatec.vn/Content/images/LandingKhamskdinhky/images/post-editor.html]
[medlatec.vn/Content/images/LandingKhamskdinhky/images/arrow-right-gray.html]
[medlatec.vn/Content/images/LandingKhamskdinhky/images/comment-icon.html]
[medlatec.vn/Content/images/LandingKhamskdinhky/images/comment-reply.html]
[medlatec.vn/Content/images/LandingKhamskdinhky/images/ttcn.html]
[medlatec.vn/Content/images/LandingKhamskdinhky/images/lsk.html]
[medlatec.vn/Content/images/LandingKhamskdinhky/images/qdtkh.html]
[medlatec.vn/Content/images/LandingKhamskdinhky/images/lsgd.html]
[medlatec.vn/Content/images/LandingKhamskdinhky/images/ctudkh.html]
[medlatec.vn/Content/images/LandingKhamskdinhky/images/gydv.html]
[medlatec.vn/Content/images/LandingKhamskdinhky/images/dxtk.html]
[medlatec.vn/Content/images/LandingKhamskdinhky/images/customer-sex.html]
[medlatec.vn/Content/images/LandingKhamskdinhky/images/customer-sex-checked.html]
[medlatec.vn/Content/images/LandingKhamskdinhky/images/plus.html]
[medlatec.vn/Content/images/LandingKhamskdinhky/images/minus.html]
[medlatec.vn/Content/images/LandingKhamskdinhky/images/arrow-left-white.html]
[medlatec.vn/Content/images/LandingKhamskdinhky/images/arrow-right-white.html]
[medlatec.vn/Content/images/LandingKhamskdinhky/images/plus-circle.html]
[medlatec.vn/Content/images/LandingKhamskdinhky/images/tai-ve.html]
[medlatec.vn/Content/images/LandingKhamskdinhky/images/recruitment-tt.html]
[medlatec.vn/Content/images/LandingKhamskdinhky/images/recruitment-mtcv.html]
[medlatec.vn/Content/images/LandingKhamskdinhky/images/recruitment-yc.html]
[medlatec.vn/Content/images/LandingKhamskdinhky/images/recruitment-ql.html]
[medlatec.vn/Content/images/LandingKhamskdinhky/images/recruitment-hsbg.html]
[medlatec.vn/Content/images/LandingKhamskdinhky/images/recruitment-ctnhs.html]
[medlatec.vn/Content/images/LandingKhamskdinhky/images/plus-bg.html]
[medlatec.vn/Content/images/LandingKhamskdinhky/images/map-dropdown-right.html]
[medlatec.vn/Content/images/LandingKhamskdinhky/images/map-dropdown-left.html]
[medlatec.vn/Content/images/LandingKhamskdinhky/images/map-dropdown-down.html]
[medlatec.vn/Content/images/LandingKhamskdinhky/images/phone-blue.html]
[medlatec.vn/Content/images/LandingKhamskdinhky/images/map-address.html]
[medlatec.vn/Content/images/LandingKhamskdinhky/images/map-web.html]
[medlatec.vn/Content/images/LandingKhamskdinhky/images/map-face.html]
[medlatec.vn/Content/images/LandingKhamskdinhky/images/plus-large.html]
[medlatec.vn/Content/images/LandingKhamskdinhky/images/bg-image-doctor.html]
[medlatec.vn/Content/images/LandingKhamskdinhky/images/worker-gray.html]
[medlatec.vn/Content/images/LandingKhamskdinhky/images/enterprise-gray.html]
[medlatec.vn/Content/images/LandingKhamskdinhky/images/arrow-box.html]
[medlatec.vn/Content/images/LandingKhamskdinhky/images/arrow-white-active.html]
[medlatec.vn/Content/images/LandingKhamskdinhky/images/feedback-bg.html]
[medlatec.vn/Content/images/LandingKhamskdinhky/images/arrrow-down.html]
[medlatec.vn/Content/images/LandingKhamskdinhky/images/arrrow-up.html]
[medlatec.vn/Content/images/LandingKhamskdinhky/images/arrow-right-black.html]
[medlatec.vn/Content/images/LandingKhamskdinhky/images/arrow-down-black.html]
[medlatec.vn/Content/images/LandingKhamskdinhky/images/human.html]
[medlatec.vn/Content/images/LandingKhamskdinhky/images/phone-gray.html]
[medlatec.vn/Content/images/LandingKhamskdinhky/images/close-envelope.html]
[medlatec.vn/Content/images/LandingKhamskdinhky/images/sex.html]
[medlatec.vn/Content/images/LandingKhamskdinhky/images/human-black.html]
[medlatec.vn/Content/images/LandingKhamskdinhky/images/phone-black.html]
[medlatec.vn/Content/images/LandingKhamskdinhky/images/mail-black.html]
[medlatec.vn/Content/images/LandingKhamskdinhky/images/faq-quest-mobile.html]
[medlatec.vn/Content/images/LandingKhamskdinhky/images/code.html]
[medlatec.vn/Content/images/LandingKhamskdinhky/images/bar-code.html]
[medlatec.vn/Content/images/LandingKhamskdinhky/images/gen/banner-pc.html]
[medlatec.vn/Content/images/LandingKhamskdinhky/images/gen/data1.html]
[medlatec.vn/Content/images/LandingKhamskdinhky/images/gen/data2.html]
[medlatec.vn/Content/images/LandingKhamskdinhky/images/gen/data3.html]
[medlatec.vn/Content/images/LandingKhamskdinhky/images/gen/data4.html]
[medlatec.vn/Content/images/LandingKhamskdinhky/images/gen/bg_all.html]
[medlatec.vn/Content/images/LandingKhamskdinhky/images/gen/bg_pro.html]
[medlatec.vn/Content/images/LandingKhamskdinhky/images/gen/bg_cgmb.html]
[medlatec.vn/Content/images/ctybh/a+.html]
[medlatec.vn/Content/images/ctybh/care+.html]
[medlatec.vn/Content/images/medimNew/lib/bootstrap/css/bootstrap.min.css]
[medlatec.vn/Content/images/medimNew/lib/owlcarousel/assets/owl.video.play.png]
[medlatec.vn/Content/images/medimNew/lib/owlcarousel/assets/owl.carousel.min.css]
[medlatec.vn/Content/images/medimNew/images/sec2/bg_s2.png]
[medlatec.vn/Content/images/medimNew/images/sec5/bg_s5.png]
[medlatec.vn/Content/images/medimNew/images/sec7/bg_s7.png]
[medlatec.vn/Content/images/medimNew/css/styles.css]
[medlatec.vn/Content/images/medimNew/css/responsive.css]
